// Jest Snapshot v1, https://goo.gl/fbAQLP

exports[`Edit Media matches snapshot 1`] = `
<div
  className="field"
>
  <label>
    Media
  </label>
  <div
    className="segment"
    style={
      Object {
        "marginTop": 0,
      }
    }
  >
    <div
      className="field"
    >
      <label>
        Youtube: 
      </label>
      <input
        icon="linkify"
        iconPosition="left"
        onChange={[Function]}
        placeholder="Youtube URL"
        value="http://youtube.com"
      />
    </div>
    <div
      className="field"
    >
      <label>
        Soundcloud: 
      </label>
      <input
        icon="linkify"
        iconPosition="left"
        onChange={[Function]}
        placeholder="Soundcloud URL"
        value="http://soundcloud.com"
      />
    </div>
  </div>
</div>
`;
